# Warnings — 2026-10-05 16:56
# Unmapped values + plausibility checks

plausibility:bev_monthly:2019-04: ASTRA=1,050 vs auto.swiss=1,122 (diff=6.4%)
plausibility:bev_monthly:2019-07: ASTRA=686 vs auto.swiss=745 (diff=7.9%)
plausibility:bev_monthly:2019-10: ASTRA=666 vs auto.swiss=715 (diff=6.9%)
plausibility:bev_monthly:2020-04: ASTRA=500 vs auto.swiss=532 (diff=6.0%)
plausibility:bev_monthly:2025-07: ASTRA=3,785 vs auto.swiss=4,083 (diff=7.3%)
plausibility:monthly_total:2025-06: ASTRA=22,637 vs auto.swiss=21,810 (diff=3.8%)
plausibility:monthly_total:2025-07: ASTRA=18,435 vs auto.swiss=19,629 (diff=6.1%)
unmapped:brand:CADILLON
unmapped:brand:FORCA
unmapped:brand:SALMSON
unmapped:brand:UEBRIGE (SIEHE TYP)
unmapped:brand:UNIMOG
unmapped:color:Effektlack
unmapped:color:unbekannt
unmapped:model_segment:SMART:SMART EQ:1842
unmapped:model_segment:SMART:SMART FORFOUR:1815
unmapped:model_segment:SMART:SMART FORTWO:6532
unmapped:model_segment:ZEEKR:ZEEKR 7X:793
